[ Command
    { name = "foo"
    , shortDesc = "foo"
    , startOrder = Tree
        ( Unit
            { uExecutable = P
                ( Program
                    { program = "foo"
                    , arguments =
                        [ "--bar"
                        , "--baz"
                        ]
                    }
                )
            , uAlias = "foo"
            , uNixEnv = Nothing
            , uWatchExtensions = []
            }
        )
        [ Single
            ( Unit
                { uExecutable = P
                    ( Program
                        { program = "foo"
                        , arguments =
                            [ "--bar"
                            , "--baz"
                            ]
                        }
                    )
                , uAlias = "bar"
                , uNixEnv = Nothing
                , uWatchExtensions = []
                }
            )
        , Parallel
            [ Single
                ( Unit
                    { uExecutable = P
                        ( Program
                            { program = "foo"
                            , arguments =
                                [ "--bar"
                                , "--baz"
                                ]
                            }
                        )
                    , uAlias = "baz"
                    , uNixEnv = Nothing
                    , uWatchExtensions = []
                    }
                )
            , Single
                ( Unit
                    { uExecutable = P
                        ( Program
                            { program = "foo"
                            , arguments =
                                [ "--bar"
                                , "--baz"
                                ]
                            }
                        )
                    , uAlias = "quix"
                    , uNixEnv = Nothing
                    , uWatchExtensions = []
                    }
                )
            ]
        , Serial
            [ Single
                ( Unit
                    { uExecutable = P
                        ( Program
                            { program = "foo"
                            , arguments =
                                [ "--bar"
                                , "--baz"
                                ]
                            }
                        )
                    , uAlias = "1"
                    , uNixEnv = Nothing
                    , uWatchExtensions = []
                    }
                )
            , Single
                ( Unit
                    { uExecutable = P
                        ( Program
                            { program = "foo"
                            , arguments =
                                [ "--bar"
                                , "--baz"
                                ]
                            }
                        )
                    , uAlias = "2"
                    , uNixEnv = Nothing
                    , uWatchExtensions = []
                    }
                )
            , Tree
                ( Unit
                    { uExecutable = P
                        ( Program
                            { program = "foo"
                            , arguments =
                                [ "--bar"
                                , "--baz"
                                ]
                            }
                        )
                    , uAlias = "3"
                    , uNixEnv = Nothing
                    , uWatchExtensions = []
                    }
                )
                [ Single
                    ( Unit
                        { uExecutable = P
                            ( Program
                                { program = "foo"
                                , arguments =
                                    [ "--bar"
                                    , "--baz"
                                    ]
                                }
                            )
                        , uAlias = "4"
                        , uNixEnv = Nothing
                        , uWatchExtensions = []
                        }
                    )
                ]
            ]
        ]
    }
]