[ Command
    { name = "foo"
    , shortDesc = "Run the foo"
    , startOrder = Single
        ( Unit
            { uExecutable = P
                ( Program
                    { program = "foo"
                    , arguments =
                        [ "--bar"
                        , "--baz"
                        ]
                    }
                )
            , uAlias = "foo"
            , uNixEnv = Nothing
            , uWatchExtensions = []
            }
        )
    }
]